#-----------------------------------------------------------
# Vivado v2022.2 (64-bit)
# SW Build 3671981 on Fri Oct 14 05:00:03 MDT 2022
# IP Build 3669848 on Fri Oct 14 08:30:02 MDT 2022
# Start of session at: Mon Oct 31 13:20:25 2022
# Process ID: 18352
# Current directory: C:/Users/yilel/Desktop/myExp2/Exp2
# Command line: vivado.exe -gui_launcher_event rodinguilauncherevent16636 C:\Users\yilel\Desktop\myExp2\Exp2\Exp2.xpr
# Log file: C:/Users/yilel/Desktop/myExp2/Exp2/vivado.log
# Journal file: C:/Users/yilel/Desktop/myExp2/Exp2\vivado.jou
# Running On: E14-Windows, OS: Windows, CPU Frequency: 2096 MHz, CPU Physical cores: 12, Host memory: 16348 MB
#-----------------------------------------------------------
start_gui
open_project C:/Users/yilel/Desktop/myExp2/Exp2/Exp2.xpr
update_compile_order -fileset sources_1
launch_simulation
open_wave_config C:/Users/yilel/Desktop/myExp2/Exp2/code/sim/core_sim_behav.wcfg
source core_sim.tcl
relaunch_sim
current_wave_config {core_sim_behav.wcfg}
log_wave {/core_sim/core/exp_unit/csr} 
close_sim
launch_simulation
open_wave_config C:/Users/yilel/Desktop/myExp2/Exp2/code/sim/core_sim_behav.wcfg
source core_sim.tcl
relaunch_sim
relaunch_sim
reset_run synth_1
launch_runs impl_1 -to_step write_bitstream -jobs 12
wait_on_run impl_1
close_sim
