#-----------------------------------------------------------
# Vivado v2020.1 (64-bit)
# SW Build 2902540 on Wed May 27 19:54:49 MDT 2020
# IP Build 2902112 on Wed May 27 22:43:36 MDT 2020
# Start of session at: Tue Oct 12 16:17:20 2021
# Process ID: 22036
# Current directory: D:/Arch_Work/exp2/Exp2
# Command line: vivado.exe -gui_launcher_event rodinguilauncherevent21964 D:\Arch_Work\exp2\Exp2\Exp2.xpr
# Log file: D:/Arch_Work/exp2/Exp2/vivado.log
# Journal file: D:/Arch_Work/exp2/Exp2\vivado.jou
#-----------------------------------------------------------
start_gui
open_project D:/Arch_Work/exp2/Exp2/Exp2.xpr
launch_simulation
open_wave_config D:/Arch_Work/exp2/Exp2/code/sim/core_sim_behav.wcfg
source core_sim.tcl
update_compile_order -fileset sources_1
close_sim
reset_run synth_1
launch_runs synth_1 -jobs 4
wait_on_run synth_1
launch_simulation
open_wave_config D:/Arch_Work/exp2/Exp2/code/sim/core_sim_behav.wcfg
source core_sim.tcl
close_sim
reset_run synth_1
launch_runs synth_1 -jobs 4
wait_on_run synth_1
launch_runs impl_1 -jobs 4
wait_on_run impl_1
open_run impl_1
launch_runs impl_1 -to_step write_bitstream -jobs 4
wait_on_run impl_1
open_hw_manager
connect_hw_server -allow_non_jtag
open_hw_target
current_hw_device [get_hw_devices xc7k325t_0]
refresh_hw_device -update_hw_probes false [lindex [get_hw_devices xc7k325t_0] 0]
reset_run impl_1 -prev_step 
launch_runs impl_1 -to_step write_bitstream -jobs 4
wait_on_run impl_1
reset_run impl_1 -prev_step 
launch_runs impl_1 -to_step write_bitstream -jobs 4
wait_on_run impl_1
open_run impl_1
refresh_hw_device [lindex [get_hw_devices xc7k325t_0] 0]
reset_run impl_1 -prev_step 
launch_runs impl_1 -to_step write_bitstream -jobs 4
wait_on_run impl_1
set_property PROBES.FILE {} [get_hw_devices xc7k325t_0]
set_property FULL_PROBES.FILE {} [get_hw_devices xc7k325t_0]
set_property PROGRAM.FILE {D:/Arch_Work/exp2/Exp2/Exp2.runs/impl_1/top.bit} [get_hw_devices xc7k325t_0]
program_hw_devices [get_hw_devices xc7k325t_0]
refresh_hw_device [lindex [get_hw_devices xc7k325t_0] 0]
launch_simulation
open_wave_config D:/Arch_Work/exp2/Exp2/code/sim/core_sim_behav.wcfg
source core_sim.tcl
close_sim
